------------------------------------------------------------
TimeQuest Timing Analyzer Summary
------------------------------------------------------------

Type  : Slow Model Setup 'clocks:u1|pll:u1|altpll:altpll_component|_clk0'
Slack : 0.340
TNS   : 0.000

Type  : Slow Model Setup 'OSC_50'
Slack : 6.858
TNS   : 0.000

Type  : Slow Model Setup 'clocks:u1|pll:u1|altpll:altpll_component|_clk2'
Slack : 15.364
TNS   : 0.000

Type  : Slow Model Hold 'OSC_50'
Slack : 0.391
TNS   : 0.000

Type  : Slow Model Hold 'clocks:u1|pll:u1|altpll:altpll_component|_clk0'
Slack : 0.391
TNS   : 0.000

Type  : Slow Model Hold 'clocks:u1|pll:u1|altpll:altpll_component|_clk2'
Slack : 0.391
TNS   : 0.000

Type  : Slow Model Recovery 'clocks:u1|pll:u1|altpll:altpll_component|_clk0'
Slack : 5.758
TNS   : 0.000

Type  : Slow Model Recovery 'OSC_50'
Slack : 11.832
TNS   : 0.000

Type  : Slow Model Removal 'clocks:u1|pll:u1|altpll:altpll_component|_clk0'
Slack : 2.352
TNS   : 0.000

Type  : Slow Model Removal 'OSC_50'
Slack : 3.571
TNS   : 0.000

Type  : Slow Model Minimum Pulse Width 'clocks:u1|pll:u1|altpll:altpll_component|_clk0'
Slack : 2.223
TNS   : 0.000

Type  : Slow Model Minimum Pulse Width 'OSC_50'
Slack : 7.500
TNS   : 0.000

Type  : Slow Model Minimum Pulse Width 'clocks:u1|pll:u1|altpll:altpll_component|_clk2'
Slack : 17.500
TNS   : 0.000

Type  : Slow Model Minimum Pulse Width 'altera_reserved_tck'
Slack : 97.778
TNS   : 0.000

Type  : Fast Model Setup 'clocks:u1|pll:u1|altpll:altpll_component|_clk0'
Slack : 5.141
TNS   : 0.000

Type  : Fast Model Setup 'OSC_50'
Slack : 8.503
TNS   : 0.000

Type  : Fast Model Setup 'clocks:u1|pll:u1|altpll:altpll_component|_clk2'
Slack : 17.346
TNS   : 0.000

Type  : Fast Model Hold 'OSC_50'
Slack : -0.124
TNS   : -0.420

Type  : Fast Model Hold 'clocks:u1|pll:u1|altpll:altpll_component|_clk0'
Slack : 0.215
TNS   : 0.000

Type  : Fast Model Hold 'clocks:u1|pll:u1|altpll:altpll_component|_clk2'
Slack : 0.215
TNS   : 0.000

Type  : Fast Model Recovery 'clocks:u1|pll:u1|altpll:altpll_component|_clk0'
Slack : 7.983
TNS   : 0.000

Type  : Fast Model Recovery 'OSC_50'
Slack : 15.740
TNS   : 0.000

Type  : Fast Model Removal 'clocks:u1|pll:u1|altpll:altpll_component|_clk0'
Slack : 1.214
TNS   : 0.000

Type  : Fast Model Removal 'OSC_50'
Slack : 2.052
TNS   : 0.000

Type  : Fast Model Minimum Pulse Width 'clocks:u1|pll:u1|altpll:altpll_component|_clk0'
Slack : 2.223
TNS   : 0.000

Type  : Fast Model Minimum Pulse Width 'OSC_50'
Slack : 7.500
TNS   : 0.000

Type  : Fast Model Minimum Pulse Width 'clocks:u1|pll:u1|altpll:altpll_component|_clk2'
Slack : 17.500
TNS   : 0.000

Type  : Fast Model Minimum Pulse Width 'altera_reserved_tck'
Slack : 97.778
TNS   : 0.000

------------------------------------------------------------
